<?xml version="1.0" encoding="UTF-8"?>
<TestRun id="41c46685-1280-4101-8ae9-0db9ac298c4f" name="Acidraven@MELCHIOR 2012-04-23 12:53:17" runUser="Melchior\Acidraven" xmlns="http://microsoft.com/schemas/VisualStudio/TeamTest/2010">
  <TestSettings name="Local" id="0a01271d-960a-4c85-84b9-809b484ebc20">
    <Description>These are default test settings for a local test run.</Description>
    <Deployment enabled="false" runDeploymentRoot="Acidraven_MELCHIOR 2012-04-23 12_53_17">
      <DeploymentItem filename="C:\Users\Acidraven\Desktop\CS430\Nfficiency_Plagiarism_Checker\Junk\backend\backend\bin\backend.dll" />
    </Deployment>
    <Execution>
      <TestTypeSpecific />
      <AgentRule name="Execution Agents">
      </AgentRule>
    </Execution>
  </TestSettings>
  <Times creation="2012-04-23T12:53:17.6793855-07:00" queuing="2012-04-23T12:53:17.7663905-07:00" start="2012-04-23T12:53:17.7933921-07:00" finish="2012-04-23T12:53:40.8077084-07:00" />
  <ResultSummary outcome="Error">
    <Counters total="7" executed="7" passed="2" error="4" failed="1" timeout="0" aborted="0" inconclusive="0" passedButRunAborted="0" notRunnable="0" notExecuted="0" disconnected="0" warning="0" completed="0" inProgress="0" pending="0" />
  </ResultSummary>
  <TestDefinitions>
    <UnitTest name="TesterConstructorTest" storage="c:\users\acidraven\desktop\cs430\nfficiency_plagiarism_checker\junk\backend\backendtests\bin\debug\backendtests.dll" id="981e11cc-895b-8c91-590f-daebbe586dd1">
      <Execution id="19a432b7-3813-4f9a-8526-ec27def40fa4" />
      <TestMethod codeBase="C:/Users/Acidraven/Desktop/CS430/Nfficiency_Plagiarism_Checker/Junk/backend/backendTests/bin/Debug/backendTests.DLL" adapterTypeName="Microsoft.VisualStudio.TestTools.TestTypes.Unit.UnitTestAdapter, Microsoft.VisualStudio.QualityTools.Tips.UnitTest.Adapter, Version=10.0.0.0, Culture=neutral, PublicKeyToken=b03f5f7f11d50a3a" className="backendTests.TesterTest, backendTests, Version=1.0.0.0, Culture=neutral, PublicKeyToken=null" name="TesterConstructorTest" />
      <AspNet webSiteUrl="http://localhost:3088/">
        <Host pathToWebApp="C:\Users\Acidraven\Desktop\CS430\Nfficiency_Plagiarism_Checker\Junk\backend\backend" webAppRoot="/" />
      </AspNet>
    </UnitTest>
    <UnitTest name="runTest" storage="c:\users\acidraven\desktop\cs430\nfficiency_plagiarism_checker\junk\backend\backendtests\bin\debug\backendtests.dll" id="b261faf6-3561-7a26-7823-c74a6c5b33d9">
      <Execution id="ddbc6cd1-d749-4dfa-b17e-294cb088e834" />
      <TestMethod codeBase="C:/Users/Acidraven/Desktop/CS430/Nfficiency_Plagiarism_Checker/Junk/backend/backendTests/bin/Debug/backendTests.DLL" adapterTypeName="Microsoft.VisualStudio.TestTools.TestTypes.Unit.UnitTestAdapter, Microsoft.VisualStudio.QualityTools.Tips.UnitTest.Adapter, Version=10.0.0.0, Culture=neutral, PublicKeyToken=b03f5f7f11d50a3a" className="backendTests.TesterTest, backendTests, Version=1.0.0.0, Culture=neutral, PublicKeyToken=null" name="runTest" />
      <AspNet webSiteUrl="http://localhost:3088//blank.aspx">
        <Host pathToWebApp="C:\Users\Acidraven\Desktop\CS430\Nfficiency_Plagiarism_Checker\Junk\backend\backend" webAppRoot="/" />
      </AspNet>
    </UnitTest>
    <UnitTest name="countTest" storage="c:\users\acidraven\desktop\cs430\nfficiency_plagiarism_checker\junk\backend\backendtests\bin\debug\backendtests.dll" id="bda36fac-1dc4-12c6-70b5-0ea2d9773b0a">
      <Execution id="8609d0e3-9f87-4deb-b954-a2e6b4a4b51f" />
      <TestMethod codeBase="C:/Users/Acidraven/Desktop/CS430/Nfficiency_Plagiarism_Checker/Junk/backend/backendTests/bin/Debug/backendTests.DLL" adapterTypeName="Microsoft.VisualStudio.TestTools.TestTypes.Unit.UnitTestAdapter, Microsoft.VisualStudio.QualityTools.Tips.UnitTest.Adapter, Version=10.0.0.0, Culture=neutral, PublicKeyToken=b03f5f7f11d50a3a" className="backendTests.wcTest, backendTests, Version=1.0.0.0, Culture=neutral, PublicKeyToken=null" name="countTest" />
      <AspNet webSiteUrl="http://localhost:3088/blank.aspx">
        <Host pathToWebApp="C:\Users\Acidraven\documents\visual studio 2010\Projects\backend\backend" webAppRoot="/" />
      </AspNet>
    </UnitTest>
    <UnitTest name="wcConstructorTest" storage="c:\users\acidraven\desktop\cs430\nfficiency_plagiarism_checker\junk\backend\backendtests\bin\debug\backendtests.dll" id="3f797e44-a12c-41c2-b3af-3fbc0d828bf4">
      <Execution id="367f46cd-0544-4ad4-8261-f5e522d43463" />
      <TestMethod codeBase="C:/Users/Acidraven/Desktop/CS430/Nfficiency_Plagiarism_Checker/Junk/backend/backendTests/bin/Debug/backendTests.DLL" adapterTypeName="Microsoft.VisualStudio.TestTools.TestTypes.Unit.UnitTestAdapter, Microsoft.VisualStudio.QualityTools.Tips.UnitTest.Adapter, Version=10.0.0.0, Culture=neutral, PublicKeyToken=b03f5f7f11d50a3a" className="backendTests.wcTest, backendTests, Version=1.0.0.0, Culture=neutral, PublicKeyToken=null" name="wcConstructorTest" />
      <AspNet webSiteUrl="http://localhost:3088/">
        <Host pathToWebApp="C:\Users\Acidraven\documents\visual studio 2010\Projects\backend\backend" webAppRoot="/" />
      </AspNet>
    </UnitTest>
    <UnitTest name="AIDTest" storage="c:\users\acidraven\desktop\cs430\nfficiency_plagiarism_checker\junk\backend\backendtests\bin\debug\backendtests.dll" id="b2975457-b1a3-d5bc-f47b-8bdc5db6a30b">
      <Execution id="9dae4a45-9f07-4521-af9c-694675238b0e" />
      <TestMethod codeBase="C:/Users/Acidraven/Desktop/CS430/Nfficiency_Plagiarism_Checker/Junk/backend/backendTests/bin/Debug/backendTests.DLL" adapterTypeName="Microsoft.VisualStudio.TestTools.TestTypes.Unit.UnitTestAdapter, Microsoft.VisualStudio.QualityTools.Tips.UnitTest.Adapter, Version=10.0.0.0, Culture=neutral, PublicKeyToken=b03f5f7f11d50a3a" className="backendTests.TesterTest, backendTests, Version=1.0.0.0, Culture=neutral, PublicKeyToken=null" name="AIDTest" />
      <AspNet webSiteUrl="http://localhost:3088/">
        <Host pathToWebApp="C:\Users\Acidraven\Desktop\CS430\Nfficiency_Plagiarism_Checker\Junk\backend\backend" webAppRoot="/" />
      </AspNet>
    </UnitTest>
    <UnitTest name="TypeTest" storage="c:\users\acidraven\desktop\cs430\nfficiency_plagiarism_checker\junk\backend\backendtests\bin\debug\backendtests.dll" id="f9fdfa5b-4658-983a-ef53-b0989fc67803">
      <Execution id="157dfdc2-953d-46b6-8080-b57cdb858715" />
      <TestMethod codeBase="C:/Users/Acidraven/Desktop/CS430/Nfficiency_Plagiarism_Checker/Junk/backend/backendTests/bin/Debug/backendTests.DLL" adapterTypeName="Microsoft.VisualStudio.TestTools.TestTypes.Unit.UnitTestAdapter, Microsoft.VisualStudio.QualityTools.Tips.UnitTest.Adapter, Version=10.0.0.0, Culture=neutral, PublicKeyToken=b03f5f7f11d50a3a" className="backendTests.TesterTest, backendTests, Version=1.0.0.0, Culture=neutral, PublicKeyToken=null" name="TypeTest" />
      <AspNet webSiteUrl="http://localhost:3088/">
        <Host pathToWebApp="C:\Users\Acidraven\Desktop\CS430\Nfficiency_Plagiarism_Checker\Junk\backend\backend" webAppRoot="/" />
      </AspNet>
    </UnitTest>
    <UnitTest name="TestMethod1" storage="c:\users\acidraven\desktop\cs430\nfficiency_plagiarism_checker\junk\backend\backendtests\bin\debug\backendtests.dll" id="c30a899f-8147-53dc-4c96-830f00cb71e4">
      <Execution id="c7b98411-9173-4d25-b68d-be039eec9730" />
      <TestMethod codeBase="C:/Users/Acidraven/Desktop/CS430/Nfficiency_Plagiarism_Checker/Junk/backend/backendTests/bin/Debug/backendTests.DLL" adapterTypeName="Microsoft.VisualStudio.TestTools.TestTypes.Unit.UnitTestAdapter, Microsoft.VisualStudio.QualityTools.Tips.UnitTest.Adapter, Version=10.0.0.0, Culture=neutral, PublicKeyToken=b03f5f7f11d50a3a" className="backendTests.UnitTest1, backendTests, Version=1.0.0.0, Culture=neutral, PublicKeyToken=null" name="TestMethod1" />
    </UnitTest>
  </TestDefinitions>
  <TestLists>
    <TestList name="Results Not in a List" id="8c84fa94-04c1-424b-9868-57a2d4851a1d" />
    <TestList name="All Loaded Results" id="19431567-8539-422a-85d7-44ee4e166bda" />
  </TestLists>
  <TestEntries>
    <TestEntry testId="3f797e44-a12c-41c2-b3af-3fbc0d828bf4" executionId="367f46cd-0544-4ad4-8261-f5e522d43463" testListId="8c84fa94-04c1-424b-9868-57a2d4851a1d" />
    <TestEntry testId="981e11cc-895b-8c91-590f-daebbe586dd1" executionId="19a432b7-3813-4f9a-8526-ec27def40fa4" testListId="8c84fa94-04c1-424b-9868-57a2d4851a1d" />
    <TestEntry testId="b261faf6-3561-7a26-7823-c74a6c5b33d9" executionId="ddbc6cd1-d749-4dfa-b17e-294cb088e834" testListId="8c84fa94-04c1-424b-9868-57a2d4851a1d" />
    <TestEntry testId="b2975457-b1a3-d5bc-f47b-8bdc5db6a30b" executionId="9dae4a45-9f07-4521-af9c-694675238b0e" testListId="8c84fa94-04c1-424b-9868-57a2d4851a1d" />
    <TestEntry testId="bda36fac-1dc4-12c6-70b5-0ea2d9773b0a" executionId="8609d0e3-9f87-4deb-b954-a2e6b4a4b51f" testListId="8c84fa94-04c1-424b-9868-57a2d4851a1d" />
    <TestEntry testId="c30a899f-8147-53dc-4c96-830f00cb71e4" executionId="c7b98411-9173-4d25-b68d-be039eec9730" testListId="8c84fa94-04c1-424b-9868-57a2d4851a1d" />
    <TestEntry testId="f9fdfa5b-4658-983a-ef53-b0989fc67803" executionId="157dfdc2-953d-46b6-8080-b57cdb858715" testListId="8c84fa94-04c1-424b-9868-57a2d4851a1d" />
  </TestEntries>
  <Results>
    <UnitTestResult executionId="367f46cd-0544-4ad4-8261-f5e522d43463" testId="3f797e44-a12c-41c2-b3af-3fbc0d828bf4" testName="wcConstructorTest" computerName="MELCHIOR" startTime="2012-04-23T12:53:17.8113931-07:00" endTime="2012-04-23T12:53:39.2786209-07:00" testType="13cdc9d9-ddb5-4fa4-a97d-d965ccfc6d4b" outcome="Failed" testListId="8c84fa94-04c1-424b-9868-57a2d4851a1d" relativeResultsDirectory="367f46cd-0544-4ad4-8261-f5e522d43463">
      <Output>
        <ErrorInfo>
          <Message>The Web request 'http://localhost:3088/' completed successfully without running the test. This can occur when configuring the Web application for testing fails (an ASP.NET server error occurs when processing the request), or when no ASP.NET page is executed (the URL may point to an HTML page, a Web service, or a directory listing). Running tests in ASP.NET requires the URL to resolve to an ASP.NET page and for the page to execute properly up to the Load event. The response from the request is stored in the file 'WebRequestResponse_wcConstructorTest.html' with the test results; typically this file can be opened with a Web browser to view its contents.</Message>
        </ErrorInfo>
      </Output>
      <ResultFiles>
        <ResultFile path="MELCHIOR\WebRequestResponse_wcConstructorTest.html" />
      </ResultFiles>
    </UnitTestResult>
    <UnitTestResult executionId="19a432b7-3813-4f9a-8526-ec27def40fa4" testId="981e11cc-895b-8c91-590f-daebbe586dd1" testName="TesterConstructorTest" computerName="MELCHIOR" duration="00:00:00.2430139" startTime="2012-04-23T12:53:39.2806211-07:00" endTime="2012-04-23T12:53:39.5236350-07:00" testType="13cdc9d9-ddb5-4fa4-a97d-d965ccfc6d4b" testListId="8c84fa94-04c1-424b-9868-57a2d4851a1d" relativeResultsDirectory="19a432b7-3813-4f9a-8526-ec27def40fa4">
      <Output>
        <ErrorInfo>
          <Message>The test adapter 'WebHostAdapter' threw an exception while running test 'TesterConstructorTest'. The web site could not be configured correctly; getting ASP.NET process information failed. Requesting 'http://localhost:3088/VSEnterpriseHelper.axd' returned an error: The remote server returned an error: (404) Not Found.
The remote server returned an error: (404) Not Found.</Message>
        </ErrorInfo>
      </Output>
    </UnitTestResult>
    <UnitTestResult executionId="ddbc6cd1-d749-4dfa-b17e-294cb088e834" testId="b261faf6-3561-7a26-7823-c74a6c5b33d9" testName="runTest" computerName="MELCHIOR" duration="00:00:00.1220069" startTime="2012-04-23T12:53:39.5256351-07:00" endTime="2012-04-23T12:53:39.6476420-07:00" testType="13cdc9d9-ddb5-4fa4-a97d-d965ccfc6d4b" testListId="8c84fa94-04c1-424b-9868-57a2d4851a1d" relativeResultsDirectory="ddbc6cd1-d749-4dfa-b17e-294cb088e834">
      <Output>
        <ErrorInfo>
          <Message>The test adapter 'WebHostAdapter' threw an exception while running test 'runTest'. The web site could not be configured correctly; getting ASP.NET process information failed. Requesting 'http://localhost:3088/VSEnterpriseHelper.axd' returned an error: The remote server returned an error: (404) Not Found.
The remote server returned an error: (404) Not Found.</Message>
        </ErrorInfo>
      </Output>
    </UnitTestResult>
    <UnitTestResult executionId="9dae4a45-9f07-4521-af9c-694675238b0e" testId="b2975457-b1a3-d5bc-f47b-8bdc5db6a30b" testName="AIDTest" computerName="MELCHIOR" duration="00:00:00.1310075" startTime="2012-04-23T12:53:39.6496422-07:00" endTime="2012-04-23T12:53:39.7806497-07:00" testType="13cdc9d9-ddb5-4fa4-a97d-d965ccfc6d4b" testListId="8c84fa94-04c1-424b-9868-57a2d4851a1d" relativeResultsDirectory="9dae4a45-9f07-4521-af9c-694675238b0e">
      <Output>
        <ErrorInfo>
          <Message>The test adapter 'WebHostAdapter' threw an exception while running test 'AIDTest'. The web site could not be configured correctly; getting ASP.NET process information failed. Requesting 'http://localhost:3088/VSEnterpriseHelper.axd' returned an error: The remote server returned an error: (404) Not Found.
The remote server returned an error: (404) Not Found.</Message>
        </ErrorInfo>
      </Output>
    </UnitTestResult>
    <UnitTestResult executionId="8609d0e3-9f87-4deb-b954-a2e6b4a4b51f" testId="bda36fac-1dc4-12c6-70b5-0ea2d9773b0a" testName="countTest" computerName="MELCHIOR" duration="00:00:00.0043240" startTime="2012-04-23T12:53:39.7826498-07:00" endTime="2012-04-23T12:53:40.1856728-07:00" testType="13cdc9d9-ddb5-4fa4-a97d-d965ccfc6d4b" outcome="Passed" testListId="8c84fa94-04c1-424b-9868-57a2d4851a1d" relativeResultsDirectory="8609d0e3-9f87-4deb-b954-a2e6b4a4b51f">
    </UnitTestResult>
    <UnitTestResult executionId="c7b98411-9173-4d25-b68d-be039eec9730" testId="c30a899f-8147-53dc-4c96-830f00cb71e4" testName="TestMethod1" computerName="MELCHIOR" duration="00:00:00.0134040" startTime="2012-04-23T12:53:40.1876729-07:00" endTime="2012-04-23T12:53:40.5046911-07:00" testType="13cdc9d9-ddb5-4fa4-a97d-d965ccfc6d4b" outcome="Passed" testListId="8c84fa94-04c1-424b-9868-57a2d4851a1d" relativeResultsDirectory="c7b98411-9173-4d25-b68d-be039eec9730">
    </UnitTestResult>
    <UnitTestResult executionId="157dfdc2-953d-46b6-8080-b57cdb858715" testId="f9fdfa5b-4658-983a-ef53-b0989fc67803" testName="TypeTest" computerName="MELCHIOR" duration="00:00:00.1100063" startTime="2012-04-23T12:53:40.5066912-07:00" endTime="2012-04-23T12:53:40.6166975-07:00" testType="13cdc9d9-ddb5-4fa4-a97d-d965ccfc6d4b" testListId="8c84fa94-04c1-424b-9868-57a2d4851a1d" relativeResultsDirectory="157dfdc2-953d-46b6-8080-b57cdb858715">
      <Output>
        <ErrorInfo>
          <Message>The test adapter 'WebHostAdapter' threw an exception while running test 'TypeTest'. The web site could not be configured correctly; getting ASP.NET process information failed. Requesting 'http://localhost:3088/VSEnterpriseHelper.axd' returned an error: The remote server returned an error: (404) Not Found.
The remote server returned an error: (404) Not Found.</Message>
        </ErrorInfo>
      </Output>
    </UnitTestResult>
  </Results>
</TestRun>