<?xml version="1.0" encoding="UTF-8"?>
<TestRun id="b2661726-be7e-4671-8f3e-892c2adbec24" name="Acidraven@MELCHIOR 2012-04-23 13:09:43" runUser="Melchior\Acidraven" xmlns="http://microsoft.com/schemas/VisualStudio/TeamTest/2010">
  <TestSettings name="Local" id="0a01271d-960a-4c85-84b9-809b484ebc20">
    <Description>These are default test settings for a local test run.</Description>
    <Deployment enabled="false" runDeploymentRoot="Acidraven_MELCHIOR 2012-04-23 13_09_43">
      <DeploymentItem filename="C:\Users\Acidraven\Desktop\CS430\Nfficiency_Plagiarism_Checker\Junk\backend\backend\bin\backend.dll" />
    </Deployment>
    <Execution>
      <TestTypeSpecific />
      <AgentRule name="Execution Agents">
      </AgentRule>
    </Execution>
  </TestSettings>
  <Times creation="2012-04-23T13:09:43.8897935-07:00" queuing="2012-04-23T13:09:43.9447967-07:00" start="2012-04-23T13:09:43.9527971-07:00" finish="2012-04-23T13:09:45.6768958-07:00" />
  <ResultSummary outcome="Error">
    <Counters total="4" executed="4" passed="2" error="2" failed="0" timeout="0" aborted="0" inconclusive="0" passedButRunAborted="0" notRunnable="0" notExecuted="0" disconnected="0" warning="0" completed="0" inProgress="0" pending="0" />
  </ResultSummary>
  <TestDefinitions>
    <UnitTest name="TestMethod1" storage="c:\users\acidraven\desktop\cs430\nfficiency_plagiarism_checker\junk\backend\backendtests\bin\debug\backendtests.dll" id="c30a899f-8147-53dc-4c96-830f00cb71e4">
      <Execution id="2892e243-efaf-4e7a-881f-efc441b4fd27" />
      <TestMethod codeBase="C:/Users/Acidraven/Desktop/CS430/Nfficiency_Plagiarism_Checker/Junk/backend/backendTests/bin/Debug/backendTests.DLL" adapterTypeName="Microsoft.VisualStudio.TestTools.TestTypes.Unit.UnitTestAdapter, Microsoft.VisualStudio.QualityTools.Tips.UnitTest.Adapter, Version=10.0.0.0, Culture=neutral, PublicKeyToken=b03f5f7f11d50a3a" className="backendTests.UnitTest1, backendTests, Version=1.0.0.0, Culture=neutral, PublicKeyToken=null" name="TestMethod1" />
    </UnitTest>
    <UnitTest name="runTest" storage="c:\users\acidraven\desktop\cs430\nfficiency_plagiarism_checker\junk\backend\backendtests\bin\debug\backendtests.dll" id="b261faf6-3561-7a26-7823-c74a6c5b33d9">
      <Execution id="b3a2efe4-660c-497e-b028-4b091e18cfa9" />
      <TestMethod codeBase="C:/Users/Acidraven/Desktop/CS430/Nfficiency_Plagiarism_Checker/Junk/backend/backendTests/bin/Debug/backendTests.DLL" adapterTypeName="Microsoft.VisualStudio.TestTools.TestTypes.Unit.UnitTestAdapter, Microsoft.VisualStudio.QualityTools.Tips.UnitTest.Adapter, Version=10.0.0.0, Culture=neutral, PublicKeyToken=b03f5f7f11d50a3a" className="backendTests.TesterTest, backendTests, Version=1.0.0.0, Culture=neutral, PublicKeyToken=null" name="runTest" />
      <AspNet webSiteUrl="http://localhost:3088/blank.aspx">
        <Host pathToWebApp="C:\Users\Acidraven\Desktop\CS430\Nfficiency_Plagiarism_Checker\Junk\backend\backend" webAppRoot="/" />
      </AspNet>
    </UnitTest>
    <UnitTest name="wcConstructorTest" storage="c:\users\acidraven\desktop\cs430\nfficiency_plagiarism_checker\junk\backend\backendtests\bin\debug\backendtests.dll" id="3f797e44-a12c-41c2-b3af-3fbc0d828bf4">
      <Execution id="c223b873-779a-4eb9-92df-2c56430af924" />
      <TestMethod codeBase="C:/Users/Acidraven/Desktop/CS430/Nfficiency_Plagiarism_Checker/Junk/backend/backendTests/bin/Debug/backendTests.DLL" adapterTypeName="Microsoft.VisualStudio.TestTools.TestTypes.Unit.UnitTestAdapter, Microsoft.VisualStudio.QualityTools.Tips.UnitTest.Adapter, Version=10.0.0.0, Culture=neutral, PublicKeyToken=b03f5f7f11d50a3a" className="backendTests.wcTest, backendTests, Version=1.0.0.0, Culture=neutral, PublicKeyToken=null" name="wcConstructorTest" />
      <AspNet webSiteUrl="http://localhost:3088/">
        <Host pathToWebApp="C:\Users\Acidraven\documents\visual studio 2010\Projects\backend\backend" webAppRoot="/" />
      </AspNet>
    </UnitTest>
    <UnitTest name="countTest" storage="c:\users\acidraven\desktop\cs430\nfficiency_plagiarism_checker\junk\backend\backendtests\bin\debug\backendtests.dll" id="bda36fac-1dc4-12c6-70b5-0ea2d9773b0a">
      <Execution id="709326ea-2748-4696-b84f-f1e90a2c68fe" />
      <TestMethod codeBase="C:/Users/Acidraven/Desktop/CS430/Nfficiency_Plagiarism_Checker/Junk/backend/backendTests/bin/Debug/backendTests.DLL" adapterTypeName="Microsoft.VisualStudio.TestTools.TestTypes.Unit.UnitTestAdapter, Microsoft.VisualStudio.QualityTools.Tips.UnitTest.Adapter, Version=10.0.0.0, Culture=neutral, PublicKeyToken=b03f5f7f11d50a3a" className="backendTests.wcTest, backendTests, Version=1.0.0.0, Culture=neutral, PublicKeyToken=null" name="countTest" />
      <AspNet webSiteUrl="http://localhost:3088/blank.aspx">
        <Host pathToWebApp="C:\Users\Acidraven\documents\visual studio 2010\Projects\backend\backend" webAppRoot="/" />
      </AspNet>
    </UnitTest>
  </TestDefinitions>
  <TestLists>
    <TestList name="Results Not in a List" id="8c84fa94-04c1-424b-9868-57a2d4851a1d" />
    <TestList name="All Loaded Results" id="19431567-8539-422a-85d7-44ee4e166bda" />
  </TestLists>
  <TestEntries>
    <TestEntry testId="3f797e44-a12c-41c2-b3af-3fbc0d828bf4" executionId="c223b873-779a-4eb9-92df-2c56430af924" testListId="8c84fa94-04c1-424b-9868-57a2d4851a1d" />
    <TestEntry testId="b261faf6-3561-7a26-7823-c74a6c5b33d9" executionId="b3a2efe4-660c-497e-b028-4b091e18cfa9" testListId="8c84fa94-04c1-424b-9868-57a2d4851a1d" />
    <TestEntry testId="bda36fac-1dc4-12c6-70b5-0ea2d9773b0a" executionId="709326ea-2748-4696-b84f-f1e90a2c68fe" testListId="8c84fa94-04c1-424b-9868-57a2d4851a1d" />
    <TestEntry testId="c30a899f-8147-53dc-4c96-830f00cb71e4" executionId="2892e243-efaf-4e7a-881f-efc441b4fd27" testListId="8c84fa94-04c1-424b-9868-57a2d4851a1d" />
  </TestEntries>
  <Results>
    <UnitTestResult executionId="c223b873-779a-4eb9-92df-2c56430af924" testId="3f797e44-a12c-41c2-b3af-3fbc0d828bf4" testName="wcConstructorTest" computerName="MELCHIOR" duration="00:00:00.3330191" startTime="2012-04-23T13:09:43.9577974-07:00" endTime="2012-04-23T13:09:44.2908165-07:00" testType="13cdc9d9-ddb5-4fa4-a97d-d965ccfc6d4b" testListId="8c84fa94-04c1-424b-9868-57a2d4851a1d" relativeResultsDirectory="c223b873-779a-4eb9-92df-2c56430af924">
      <Output>
        <ErrorInfo>
          <Message>The test adapter 'WebHostAdapter' threw an exception while running test 'wcConstructorTest'. The web site could not be configured correctly; getting ASP.NET process information failed. Requesting 'http://localhost:3088/VSEnterpriseHelper.axd' returned an error: The remote server returned an error: (404) Not Found.
The remote server returned an error: (404) Not Found.</Message>
        </ErrorInfo>
      </Output>
    </UnitTestResult>
    <UnitTestResult executionId="b3a2efe4-660c-497e-b028-4b091e18cfa9" testId="b261faf6-3561-7a26-7823-c74a6c5b33d9" testName="runTest" computerName="MELCHIOR" duration="00:00:00.0022916" startTime="2012-04-23T13:09:44.2928166-07:00" endTime="2012-04-23T13:09:45.2728726-07:00" testType="13cdc9d9-ddb5-4fa4-a97d-d965ccfc6d4b" outcome="Passed" testListId="8c84fa94-04c1-424b-9868-57a2d4851a1d" relativeResultsDirectory="b3a2efe4-660c-497e-b028-4b091e18cfa9">
    </UnitTestResult>
    <UnitTestResult executionId="709326ea-2748-4696-b84f-f1e90a2c68fe" testId="bda36fac-1dc4-12c6-70b5-0ea2d9773b0a" testName="countTest" computerName="MELCHIOR" duration="00:00:00.1060061" startTime="2012-04-23T13:09:45.2738727-07:00" endTime="2012-04-23T13:09:45.3798788-07:00" testType="13cdc9d9-ddb5-4fa4-a97d-d965ccfc6d4b" testListId="8c84fa94-04c1-424b-9868-57a2d4851a1d" relativeResultsDirectory="709326ea-2748-4696-b84f-f1e90a2c68fe">
      <Output>
        <ErrorInfo>
          <Message>The test adapter 'WebHostAdapter' threw an exception while running test 'countTest'. The web site could not be configured correctly; getting ASP.NET process information failed. Requesting 'http://localhost:3088/VSEnterpriseHelper.axd' returned an error: The remote server returned an error: (404) Not Found.
The remote server returned an error: (404) Not Found.</Message>
        </ErrorInfo>
      </Output>
    </UnitTestResult>
    <UnitTestResult executionId="2892e243-efaf-4e7a-881f-efc441b4fd27" testId="c30a899f-8147-53dc-4c96-830f00cb71e4" testName="TestMethod1" computerName="MELCHIOR" duration="00:00:00.0113690" startTime="2012-04-23T13:09:45.3848791-07:00" endTime="2012-04-23T13:09:45.6498942-07:00" testType="13cdc9d9-ddb5-4fa4-a97d-d965ccfc6d4b" outcome="Passed" testListId="8c84fa94-04c1-424b-9868-57a2d4851a1d" relativeResultsDirectory="2892e243-efaf-4e7a-881f-efc441b4fd27">
    </UnitTestResult>
  </Results>
</TestRun>